
> vite_react_shadcn_ts@0.0.0 build
> vite build

[36mvite v5.4.21 [32mbuilding for production...[36m[39m
transforming...
[32mΓ£ô[39m 3881 modules transformed.
rendering chunks...
npm : [1m[33m[plugin:vite:reporter][39m[22m [33m[plugin vite:reporter] 
At line:1 char:1
+ npm run build 2>&1 | Tee-Object -FilePath .\build-output.txt
+ ~~~~~~~~~~~~~~~~~~
    + CategoryInfo          : NotSpecified: ([1m[33m[plugi...vite:reporter]  
   :String) [], RemoteException
    + FullyQualifiedErrorId : NativeCommandError
 
(!) D:/Profit-Maker x 4/src/lib/stockStore.ts is dynamically imported by 
D:/Profit-Maker x 4/src/pages/inventory/StockItems.tsx, D:/Profit-Maker x 
4/src/pages/inventory/StockItems.tsx, D:/Profit-Maker x 
4/src/pages/inventory/StockItems.tsx, D:/Profit-Maker x 
4/src/pages/inventory/StockItems.tsx but also statically imported by 
D:/Profit-Maker x 4/src/components/common/LowStockAlerts.tsx, D:/Profit-Maker 
x 4/src/components/pos/MenuItemCard.tsx, D:/Profit-Maker x 
4/src/hooks/useIntelligence.ts, D:/Profit-Maker x 
4/src/lib/batchProductionStore.ts, D:/Profit-Maker x 4/src/lib/grvStore.ts, 
D:/Profit-Maker x 4/src/lib/manufacturingRecipeStore.ts, D:/Profit-Maker x 
4/src/lib/stockIssueStore.ts, D:/Profit-Maker x 4/src/lib/stockTakeStore.ts, 
D:/Profit-Maker x 4/src/pages/Purchases.tsx, D:/Profit-Maker x 
4/src/pages/inventory/AdvancedGAAP.tsx, D:/Profit-Maker x 
4/src/pages/inventory/StockIssues.tsx, D:/Profit-Maker x 
4/src/pages/inventory/StockItems.tsx, D:/Profit-Maker x 
4/src/pages/inventory/StockTake.tsx, D:/Profit-Maker x 
4/src/pages/manufacturing/BatchProduction.tsx, D:/Profit-Maker x 
4/src/pages/manufacturing/Recipes.tsx, D:/Profit-Maker x 
4/src/pages/pos/MenuManager.tsx, D:/Profit-Maker x 
4/src/pages/pos/POSTerminal.tsx, D:/Profit-Maker x 
4/src/pages/pos/SelfOrder.tsx, D:/Profit-Maker x 
4/src/pages/variance/ProfitProtectionDemo.tsx, dynamic import will not move 
module into another chunk.
[39m
computing gzip size...
[2mdist/[22m[32mregisterSW.js                              [39m[1m[2m    0.13 kB[22m[1m[22m
[2mdist/[22m[32mmanifest.webmanifest                       [39m[1m[2m    0.31 kB[22m[1m[22m
[2mdist/[22m[32mindex.html                                 [39m[1m[2m    1.17 kB[22m[1m[22m[2m Γöé gzip:   0.51 kB[22m
[2mdist/[22m[35massets/index-Cpf2YwQY.css                  [39m[1m[2m  107.51 kB[22m[1m[22m[2m Γöé gzip:  18.32 kB[22m
[2mdist/[22m[36massets/smartphone-TDqh_vZY.js              [39m[1m[2m    0.37 kB[22m[1m[22m[2m Γöé gzip:   0.29 kB[22m
[2mdist/[22m[36massets/posPaymentRequestStore-2daKhx8u.js  [39m[1m[2m    1.60 kB[22m[1m[22m[2m Γöé gzip:   0.87 kB[22m
[2mdist/[22m[36massets/TableManagement-ERUIbAsK.js         [39m[1m[2m    9.47 kB[22m[1m[22m[2m Γöé gzip:   3.31 kB[22m
[2mdist/[22m[36massets/MenuManager-g5EO6bZC.js             [39m[1m[2m   13.44 kB[22m[1m[22m[2m Γöé gzip:   4.55 kB[22m
[2mdist/[22m[36massets/CashUp-DwG7LKp2.js                  [39m[1m[2m   15.56 kB[22m[1m[22m[2m Γöé gzip:   4.38 kB[22m
[2mdist/[22m[36massets/purify.es-C5KSVp3G.js               [39m[1m[2m   22.74 kB[22m[1m[22m[2m Γöé gzip:   8.79 kB[22m
[2mdist/[22m[36massets/POSTerminal-C_4OIXIv.js             [39m[1m[2m   42.13 kB[22m[1m[22m[2m Γöé gzip:  12.42 kB[22m
[2mdist/[22m[36massets/KitchenDisplay-e704RaLi.js          [39m[1m[2m  137.93 kB[22m[1m[22m[2m Γöé gzip:  45.35 kB[22m
[2mdist/[22m[36massets/index.es-C3u-gE16.js                [39m[1m[2m  150.63 kB[22m[1m[22m[2m Γöé gzip:  51.53 kB[22m
[2mdist/[22m[36massets/html2canvas.esm-CYkBLDhY.js         [39m[1m[2m  201.14 kB[22m[1m[22m[2m Γöé gzip:  47.99 kB[22m
[2mdist/[22m[36massets/TransferQR-Bb6Bxdhp.js              [39m[1m[2m  420.07 kB[22m[1m[22m[2m Γöé gzip: 110.48 kB[22m
[2mdist/[22m[36massets/index-CxjIvLAY.js                   [39m[1m[33m2,097.80 kB[39m[22m[2m Γöé gzip: 617.57 kB[22m
[33m
(!) Some chunks are larger than 500 kB after minification. Consider:
- Using dynamic import() to code-split the application
- Use build.rollupOptions.output.manualChunks to improve chunking: 
https://rollupjs.org/configuration-options/#output-manualchunks
- Adjust chunk size limit for this warning via 
build.chunkSizeWarningLimit.[39m
[32mΓ£ô built in 39.30s[39m

PWA v1.2.0
mode      generateSW
precache  25 entries (3175.55 KiB)
files generated
  dist/sw.js
  dist/workbox-8ead268c.js
